// Jest Snapshot v1, https://goo.gl/fbAQLP

exports[`CheckoutItem component should render CheckoutItem component 1`] = `
<div
  className="checkout-item"
>
  <div
    className="image-container"
  >
    <img
      alt="product item"
    />
  </div>
  <span
    className="name"
  />
  <span
    className="quantity"
  >
    <div
      className="arrow"
      onClick={[Function]}
    >
      ❮
    </div>
    <span
      className="value"
    />
    <div
      className="arrow"
      onClick={[Function]}
    >
      ❯
    </div>
  </span>
  <span
    className="price"
  />
  <div
    className="remove-button"
    onClick={[Function]}
  >
    ✕
  </div>
</div>
`;
